#
# There is insufficient memory for the Java Runtime Environment to continue.
# Native memory allocation (mmap) failed to map 536870912 bytes. Error detail: G1 virtual space
# Possible reasons:
#   The system is out of physical RAM or swap space
#   This process is running with CompressedOops enabled, and the Java Heap may be blocking the growth of the native heap
# Possible solutions:
#   Reduce memory load on the system
#   Increase physical memory or swap space
#   Check if swap backing store is full
#   Decrease Java heap size (-Xmx/-Xms)
#   Decrease number of Java threads
#   Decrease Java thread stack sizes (-Xss)
#   Set larger code cache with -XX:ReservedCodeCacheSize=
#   JVM is running with Zero Based Compressed Oops mode in which the Java heap is
#     placed in the first 32GB address space. The Java Heap base address is the
#     maximum limit for the native heap growth. Please use -XX:HeapBaseMinAddress
#     to set the Java Heap base and to place the Java Heap above 32GB virtual address.
# This output file may be truncated or incomplete.
#
#  Out of Memory Error (os_windows.cpp:3613), pid=9852, tid=23252
#
# JRE version:  (17.0.11+9) (build )
# Java VM: OpenJDK 64-Bit Server VM (17.0.11+9-LTS, mixed mode, sharing, tiered, compressed oops, compressed class ptrs, g1 gc, windows-amd64)
# No core dump will be written. Minidumps are not enabled by default on client versions of Windows
#

---------------  S U M M A R Y ------------

Command Line: -javaagent:C:\Program Files\JetBrains\IntelliJ IDEA 2025.2.5\lib\idea_rt.jar=64017 -Dfile.encoding=UTF-8 com.sashymov.beautyimsservice.BeautyImsServiceApplication

Host: Intel(R) Core(TM) i7-10700 CPU @ 2.90GHz, 16 cores, 31G,  Windows 11 , 64 bit Build 26100 (10.0.26100.7309)
Time: Mon Jan 12 13:42:15 2026  Windows 11 , 64 bit Build 26100 (10.0.26100.7309) elapsed time: 1.195127 seconds (0d 0h 0m 1s)

---------------  T H R E A D  ---------------

Current thread (0x000001d20131efe0):  JavaThread "Unknown thread" [_thread_in_vm, id=23252, stack(0x0000002d25d00000,0x0000002d25e00000)]

Stack: [0x0000002d25d00000,0x0000002d25e00000]
Native frames: (J=compiled Java code, j=interpreted, Vv=VM code, C=native code)
V  [jvm.dll+0x67d009]
V  [jvm.dll+0x83489a]
V  [jvm.dll+0x83635e]
V  [jvm.dll+0x8369c3]
V  [jvm.dll+0x2479df]
V  [jvm.dll+0x679e49]
V  [jvm.dll+0x66e8ba]
V  [jvm.dll+0x30755b]
V  [jvm.dll+0x30ea06]
V  [jvm.dll+0x35e40e]
V  [jvm.dll+0x35e63f]
V  [jvm.dll+0x2de298]
V  [jvm.dll+0x2df204]
V  [jvm.dll+0x806221]
V  [jvm.dll+0x36c161]
V  [jvm.dll+0x7e4c56]
V  [jvm.dll+0x3ef9cf]
V  [jvm.dll+0x3f1521]
C  [jli.dll+0x528f]
C  [ucrtbase.dll+0x37b0]
C  [KERNEL32.DLL+0x2e8d7]
C  [ntdll.dll+0x8c53c]


---------------  P R O C E S S  ---------------

Threads class SMR info:
_java_thread_list=0x00007ffed517eed8, length=0, elements={
}

Java Threads: ( => current thread )

Other Threads:
  0x000001d22d330a80 GCTaskThread "GC Thread#0" [stack: 0x0000002d25e00000,0x0000002d25f00000] [id=21036]
  0x000001d200fddf70 ConcurrentGCThread "G1 Main Marker" [stack: 0x0000002d25f00000,0x0000002d26000000] [id=16552]
  0x000001d200fde990 ConcurrentGCThread "G1 Conc#0" [stack: 0x0000002d26000000,0x0000002d26100000] [id=20132]

[error occurred during error reporting (printing all threads), id 0xc0000005, EXCEPTION_ACCESS_VIOLATION (0xc0000005) at pc=0x00007ffed493ecd7]

VM state: not at safepoint (not fully initialized)

VM Mutex/Monitor currently owned by a thread:  ([mutex/lock_event])
[0x000001d20131dd70] Heap_lock - owner thread: 0x000001d20131efe0

Heap address: 0x0000000603400000, size: 8140 MB, Compressed Oops mode: Zero based, Oop shift amount: 3

CDS archive(s) mapped at: [0x0000000000000000-0x0000000000000000-0x0000000000000000), size 0, SharedBaseAddress: 0x0000000800000000, ArchiveRelocationMode: 1.
Narrow klass base: 0x0000000000000000, Narrow klass shift: 0, Narrow klass range: 0x0

GC Precious Log:
<Empty>

Heap:
 garbage-first heap   total 0K, used 0K [0x0000000603400000, 0x0000000800000000)
  region size 4096K, 0 young (0K), 0 survivors (0K)

[error occurred during error reporting (printing heap information), id 0xc0000005, EXCEPTION_ACCESS_VIOLATION (0xc0000005) at pc=0x00007ffed4d26d29]

GC Heap History (0 events):
No events

Dll operation events (1 events):
Event: 0.008 Loaded shared library C:\Users\ITG-Islam\.jdks\corretto-17.0.11\bin\java.dll

Deoptimization events (0 events):
No events

Classes unloaded (0 events):
No events

Classes redefined (0 events):
No events

Internal exceptions (0 events):
No events

VM Operations (0 events):
No events

Events (0 events):
No events


Dynamic libraries:
0x00007ff65d990000 - 0x00007ff65d99e000 	C:\Users\ITG-Islam\.jdks\corretto-17.0.11\bin\java.exe
0x00007fff3dfa0000 - 0x00007fff3e207000 	C:\WINDOWS\SYSTEM32\ntdll.dll
0x00007fff3c6b0000 - 0x00007fff3c779000 	C:\WINDOWS\System32\KERNEL32.DLL
0x00007fff3b760000 - 0x00007fff3bb4f000 	C:\WINDOWS\System32\KERNELBASE.dll
0x00007fff3b0f0000 - 0x00007fff3b23b000 	C:\WINDOWS\System32\ucrtbase.dll
0x00007fff28170000 - 0x00007fff2818b000 	C:\Users\ITG-Islam\.jdks\corretto-17.0.11\bin\VCRUNTIME140.dll
0x00007fff28cd0000 - 0x00007fff28ce7000 	C:\Users\ITG-Islam\.jdks\corretto-17.0.11\bin\jli.dll
0x00007fff3bf30000 - 0x00007fff3c0f5000 	C:\WINDOWS\System32\USER32.dll
0x00007fff1ef90000 - 0x00007fff1f223000 	C:\WINDOWS\WinSxS\amd64_microsoft.windows.common-controls_6595b64144ccf1df_6.0.26100.7309_none_3e05feeae336a044\COMCTL32.dll
0x00007fff3b5b0000 - 0x00007fff3b5d7000 	C:\WINDOWS\System32\win32u.dll
0x00007fff3c310000 - 0x00007fff3c3b9000 	C:\WINDOWS\System32\msvcrt.dll
0x00007fff3c830000 - 0x00007fff3c85b000 	C:\WINDOWS\System32\GDI32.dll
0x00007fff3bb60000 - 0x00007fff3bc8c000 	C:\WINDOWS\System32\gdi32full.dll
0x00007fff3b500000 - 0x00007fff3b5a3000 	C:\WINDOWS\System32\msvcp_win.dll
0x00007fff3d4b0000 - 0x00007fff3d4e1000 	C:\WINDOWS\System32\IMM32.DLL
0x00007fff28ae0000 - 0x00007fff28aec000 	C:\Users\ITG-Islam\.jdks\corretto-17.0.11\bin\vcruntime140_1.dll
0x00007fff20d80000 - 0x00007fff20e0d000 	C:\Users\ITG-Islam\.jdks\corretto-17.0.11\bin\msvcp140.dll
0x00007ffed4650000 - 0x00007ffed52b2000 	C:\Users\ITG-Islam\.jdks\corretto-17.0.11\bin\server\jvm.dll
0x00007fff3cbf0000 - 0x00007fff3cca4000 	C:\WINDOWS\System32\ADVAPI32.dll
0x00007fff3c780000 - 0x00007fff3c826000 	C:\WINDOWS\System32\sechost.dll
0x00007fff3d4f0000 - 0x00007fff3d608000 	C:\WINDOWS\System32\RPCRT4.dll
0x00007fff1fd10000 - 0x00007fff1fd1a000 	C:\WINDOWS\SYSTEM32\WSOCK32.dll
0x00007fff29ac0000 - 0x00007fff29af5000 	C:\WINDOWS\SYSTEM32\WINMM.dll
0x00007fff35620000 - 0x00007fff3562b000 	C:\WINDOWS\SYSTEM32\VERSION.dll
0x00007fff3af50000 - 0x00007fff3afae000 	C:\WINDOWS\SYSTEM32\POWRPROF.dll
0x00007fff3c290000 - 0x00007fff3c304000 	C:\WINDOWS\System32\WS2_32.dll
0x00007fff3af30000 - 0x00007fff3af44000 	C:\WINDOWS\SYSTEM32\UMPDC.dll
0x00007fff39e60000 - 0x00007fff39e7b000 	C:\WINDOWS\SYSTEM32\kernel.appcore.dll
0x00007fff28680000 - 0x00007fff2868a000 	C:\Users\ITG-Islam\.jdks\corretto-17.0.11\bin\jimage.dll
0x00007fff214b0000 - 0x00007fff216f2000 	C:\WINDOWS\SYSTEM32\DBGHELP.DLL
0x00007fff3c860000 - 0x00007fff3cbe5000 	C:\WINDOWS\System32\combase.dll
0x00007fff3c3c0000 - 0x00007fff3c496000 	C:\WINDOWS\System32\OLEAUT32.dll
0x00007fff14a00000 - 0x00007fff14a3c000 	C:\WINDOWS\SYSTEM32\dbgcore.DLL
0x00007fff3bc90000 - 0x00007fff3bd35000 	C:\WINDOWS\System32\bcryptPrimitives.dll
0x00007fff29c30000 - 0x00007fff29c3e000 	C:\Users\ITG-Islam\.jdks\corretto-17.0.11\bin\instrument.dll
0x00007fff257c0000 - 0x00007fff257e5000 	C:\Users\ITG-Islam\.jdks\corretto-17.0.11\bin\java.dll

dbghelp: loaded successfully - version: 4.0.5 - missing functions: none
symbol engine: initialized successfully - sym options: 0x614 - pdb path: .;C:\Users\ITG-Islam\.jdks\corretto-17.0.11\bin;C:\WINDOWS\SYSTEM32;C:\WINDOWS\WinSxS\amd64_microsoft.windows.common-controls_6595b64144ccf1df_6.0.26100.7309_none_3e05feeae336a044;C:\Users\ITG-Islam\.jdks\corretto-17.0.11\bin\server

VM Arguments:
jvm_args: -javaagent:C:\Program Files\JetBrains\IntelliJ IDEA 2025.2.5\lib\idea_rt.jar=64017 -Dfile.encoding=UTF-8 
java_command: com.sashymov.beautyimsservice.BeautyImsServiceApplication
java_class_path (initial): C:\Users\ITG-Islam\IdeaProjects\beautyIms-service\target\classes;C:\Users\ITG-Islam\.m2\repository\org\springframework\boot\spring-boot-starter-web\3.3.4\spring-boot-starter-web-3.3.4.jar;C:\Users\ITG-Islam\.m2\repository\org\springframework\boot\spring-boot-starter\3.3.4\spring-boot-starter-3.3.4.jar;C:\Users\ITG-Islam\.m2\repository\org\springframework\boot\spring-boot-starter-logging\3.3.4\spring-boot-starter-logging-3.3.4.jar;C:\Users\ITG-Islam\.m2\repository\ch\qos\logback\logback-classic\1.5.8\logback-classic-1.5.8.jar;C:\Users\ITG-Islam\.m2\repository\ch\qos\logback\logback-core\1.5.8\logback-core-1.5.8.jar;C:\Users\ITG-Islam\.m2\repository\org\apache\logging\log4j\log4j-to-slf4j\2.23.1\log4j-to-slf4j-2.23.1.jar;C:\Users\ITG-Islam\.m2\repository\org\apache\logging\log4j\log4j-api\2.23.1\log4j-api-2.23.1.jar;C:\Users\ITG-Islam\.m2\repository\org\slf4j\jul-to-slf4j\2.0.16\jul-to-slf4j-2.0.16.jar;C:\Users\ITG-Islam\.m2\repository\jakarta\annotation\jakarta.annotation-api\2.1.1\jakarta.annotation-api-2.1.1.jar;C:\Users\ITG-Islam\.m2\repository\org\yaml\snakeyaml\2.2\snakeyaml-2.2.jar;C:\Users\ITG-Islam\.m2\repository\org\springframework\boot\spring-boot-starter-json\3.3.4\spring-boot-starter-json-3.3.4.jar;C:\Users\ITG-Islam\.m2\repository\com\fasterxml\jackson\core\jackson-databind\2.17.2\jackson-databind-2.17.2.jar;C:\Users\ITG-Islam\.m2\repository\com\fasterxml\jackson\core\jackson-annotations\2.17.2\jackson-annotations-2.17.2.jar;C:\Users\ITG-Islam\.m2\repository\com\fasterxml\jackson\core\jackson-core\2.17.2\jackson-core-2.17.2.jar;C:\Users\ITG-Islam\.m2\repository\com\fasterxml\jackson\datatype\jackson-datatype-jdk8\2.17.2\jackson-datatype-jdk8-2.17.2.jar;C:\Users\ITG-Islam\.m2\repository\com\fasterxml\jackson\datatype\jackson-datatype-jsr310\2.17.2\jackson-datatype-jsr310-2.17.2.jar;C:\Users\ITG-Islam\.m2\repository\com\fasterxml\jackson\module\jackson-module-parameter-names\2.17.2\jackson-module-parameter-names-2.17.2.jar;C:\U
Launcher Type: SUN_STANDARD

[Global flags]
     intx CICompilerCount                          = 12                                        {product} {ergonomic}
     uint ConcGCThreads                            = 3                                         {product} {ergonomic}
     uint G1ConcRefinementThreads                  = 13                                        {product} {ergonomic}
   size_t G1HeapRegionSize                         = 4194304                                   {product} {ergonomic}
    uintx GCDrainStackTargetSize                   = 64                                        {product} {ergonomic}
   size_t InitialHeapSize                          = 536870912                                 {product} {ergonomic}
   size_t MarkStackSize                            = 4194304                                   {product} {ergonomic}
   size_t MaxHeapSize                              = 8535408640                                {product} {ergonomic}
   size_t MinHeapDeltaBytes                        = 4194304                                   {product} {ergonomic}
   size_t MinHeapSize                              = 8388608                                   {product} {ergonomic}
    uintx NonNMethodCodeHeapSize                   = 7602480                                {pd product} {ergonomic}
    uintx NonProfiledCodeHeapSize                  = 122027880                              {pd product} {ergonomic}
    uintx ProfiledCodeHeapSize                     = 122027880                              {pd product} {ergonomic}
    uintx ReservedCodeCacheSize                    = 251658240                              {pd product} {ergonomic}
     bool SegmentedCodeCache                       = true                                      {product} {ergonomic}
   size_t SoftMaxHeapSize                          = 8535408640                             {manageable} {ergonomic}
     bool UseCompressedClassPointers               = true                           {product lp64_product} {ergonomic}
     bool UseCompressedOops                        = true                           {product lp64_product} {ergonomic}
     bool UseG1GC                                  = true                                      {product} {ergonomic}
     bool UseLargePagesIndividualAllocation        = false                                  {pd product} {ergonomic}

Logging:
Log output configuration:
 #0: stdout all=warning uptime,level,tags
 #1: stderr all=off uptime,level,tags

Environment Variables:
JAVA_HOME=C:\Program Files\Java\jdk1.8.0_202
CLASSPATH=C:\Program Files\Apache Software Foundation\Tomcat 8.5\lib
PATH=C:\Program Files (x86)\Common Files\Oracle\Java\javapath;C:\WINDOWS\system32;C:\WINDOWS;C:\WINDOWS\System32\Wbem;C:\WINDOWS\System32\WindowsPowerShell\v1.0\;C:\WINDOWS\System32\OpenSSH\;C:\Program Files\Git\cmd;C:\Program Files\PuTTY\;C:\Program Files\Java\jdk1.8.0_202\bin;C:\Program Files\Apache Software Foundation\apache-tomcat-9.0.82\bin;C:\Users\ITG-Islam\Downloads\allure-2.26.0\allure-2.26.0\bin;C:\Program Files\nodejs\;C:\Users\ITG-Islam\AppData\Local\Android\Sdk\platform-tools;C:\Users\ITG-Islam\AppData\Local\Android\Sdk\build-tools\36.0.0;C:\Users\ITG-Islam\AppData\Local\Microsoft\WindowsApps;C:\Program Files\JetBrains\PhpStorm 2022.3.2\bin;;C:\Program Files\JetBrains\IntelliJ IDEA Community Edition 2022.3.2\bin;;C:\Program Files\JetBrains\Aqua 2024.1.1\bin;;C:\Program Files\Java\jdk1.8.0_202\bin;C:\Program Files\Apache Software Foundation\Tomcat 8.5\lib\servlet-api.jar;C:\Program Files\Apache Software Foundation\apache-tomcat-9.0.82\bin;C:\Users\ITG-Islam\AppData\Roaming\npm;C:\Program Files\JetBrains\IntelliJ IDEA 2025.2.5\bin
USERNAME=sashymov
OS=Windows_NT
PROCESSOR_IDENTIFIER=Intel64 Family 6 Model 165 Stepping 5, GenuineIntel
TMP=C:\Users\ITG-IS~1\AppData\Local\Temp
TEMP=C:\Users\ITG-IS~1\AppData\Local\Temp



Periodic native trim disabled


---------------  S Y S T E M  ---------------

OS:
 Windows 11 , 64 bit Build 26100 (10.0.26100.7309)
OS uptime: 13 days 1:57 hours
Hyper-V role detected

CPU: total 16 (initial active 16) (8 cores per cpu, 2 threads per core) family 6 model 165 stepping 5 microcode 0x100, cx8, cmov, fxsr, ht, mmx, 3dnowpref, sse, sse2, sse3, ssse3, sse4.1, sse4.2, popcnt, lzcnt, tsc, tscinvbit, avx, avx2, aes, erms, clmul, bmi1, bmi2, adx, fma, vzeroupper, clflush, clflushopt, hv
Processor Information for all 16 processors :
  Max Mhz: 2904, Current Mhz: 2904, Mhz Limit: 2904

Memory: 4k page, system-wide physical 32544M (14692M free)
TotalPageFile size 62964M (AvailPageFile size 404M)
current process WorkingSet (physical memory assigned to process): 13M, peak: 13M
current process commit charge ("private bytes"): 71M, peak: 583M

vm_info: OpenJDK 64-Bit Server VM (17.0.11+9-LTS) for windows-amd64 JRE (17.0.11+9-LTS), built on Apr 10 2024 22:12:24 by "Administrator" with MS VC++ 16.10 / 16.11 (VS2019)

END.
